/bin/sh: node_modules/.bin/_mocha: No such file or directory
